Some weights of the model checkpoint at bert-base-cased were not used when initializing BertModel: ['cls.predictions.transform.dense.weight', 'cls.predictions.transform.LayerNorm.weight', 'cls.predictions.bias', 'cls.predictions.decoder.weight', 'cls.seq_relationship.weight', 'cls.seq_relationship.bias', 'cls.predictions.transform.dense.bias', 'cls.predictions.transform.LayerNorm.bias']
- This IS expected if you are initializing BertModel from the checkpoint of a model trained on another task or with another architecture (e.g. initializing a BertForSequenceClassification model from a BertForPreTraining model).
- This IS NOT expected if you are initializing BertModel from the checkpoint of a model that you expect to be exactly identical (initializing a BertForSequenceClassification model from a BertForSequenceClassification model).
Device: cuda
Model:  bert-base-cased
Epochs: 3 | Batch: 16 | T: 0.1
Label scheme: hatespeech vs normal (offensive excluded — Antoine's setting)

Train: 16118 | Test: 4030
Label distribution (train): {1: 9596, 0: 6522}

Computing initial prototypes...
Prototypes shape: torch.Size([12, 2, 768])

Epoch 1/3 | loss: 0.6449

Epoch 2/3 | loss: 0.5550

Epoch 3/3 | loss: 0.4064

=== Test set — all 12 layers ===
 layer  accuracy  macro_f1
     1  0.620099  0.616376
     2  0.726303  0.723254
     3  0.751861  0.745645
     4  0.760794  0.752069
     5  0.770968  0.761887
     6  0.767246  0.759260
     7  0.767990  0.760362
     8  0.767494  0.761146
     9  0.756328  0.753600
    10  0.752854  0.750753
    11  0.753102  0.750968
    12  0.768734  0.760800

=== Early exit (threshold=0.1, min_layer=3) ===
  Accuracy:          0.7583
  Macro F1:          0.7529
  Average exit layer:3.57 / 12
  Posts exiting early: 99.4%

=== Per-group fairness (baseline: layer 12) ===
              N    AUC  Recall    FPR
Group                                
African     715  0.770   0.905  0.475
Arab        145  0.692   0.843  0.478
Asian        89  0.691   0.744  0.500
Caucasian   142  0.766   0.672  0.186
Disability   19  0.595   0.759  0.857
Hispanic     49  0.854   0.964  0.250
Homosexual  390  0.743   0.772  0.358
Islam       438  0.671   0.818  0.495
Jewish      327  0.644   0.918  0.605
Men          63  0.797   0.683  0.163
Other       361  0.750   0.748  0.375
Refugee     197  0.725   0.649  0.244
Women       317  0.737   0.732  0.311
none        751  0.821   0.312  0.145

=== Per-group fairness (early exit) ===
              N    AUC  Recall    FPR
Group                                
African     715  0.691   0.889  0.534
Arab        145  0.663   0.838  0.478
Asian        89  0.661   0.713  0.423
Caucasian   142  0.766   0.574  0.143
Disability   19  0.452   0.733  1.000
Hispanic     49  0.979   0.951  0.250
Homosexual  390  0.764   0.755  0.294
Islam       438  0.717   0.808  0.439
Jewish      327  0.620   0.915  0.488
Men          63  0.794   0.684  0.116
Other       361  0.754   0.746  0.319
Refugee     197  0.731   0.590  0.167
Women       317  0.752   0.694  0.245
none        751  0.808   0.327  0.134

=== Exit layer analysis per group ===
              N  Avg exit layer Early exit %  Hate base rate
Group                                                       
African     715            3.40        99.3%           0.835
Arab        145            3.51        97.9%           0.841
Asian        89            3.73        98.9%           0.708
Caucasian   142            3.67        99.3%           0.507
Disability   19            3.00       100.0%           0.632
Hispanic     49            3.18       100.0%           0.837
Homosexual  390            3.72        99.7%           0.721
Islam       438            3.48        99.8%           0.756
Jewish      327            3.44       100.0%           0.869
Men          63            3.60        98.4%           0.317
Other       361            3.64        99.2%           0.557
Refugee     197            3.95        98.5%           0.543
Women       317            3.97        99.1%           0.666
none        751            3.46        99.6%           0.057

=== Per-group: baseline vs early exit ===
  Group            Base AUC     EE AUC     Diff   Base FPR     EE FPR     Diff
  ----------------------------------------------------------------------------
  African             0.770      0.691   -0.079      0.475      0.534   +0.059
  Arab                0.692      0.663   -0.029      0.478      0.478   +0.000
  Asian               0.691      0.661   -0.030        0.5      0.423   -0.077
  Caucasian           0.766      0.766   +0.000      0.186      0.143   -0.043
  Disability          0.595      0.452   -0.143      0.857        1.0   +0.143
  Hispanic            0.854      0.979   +0.125       0.25       0.25   +0.000
  Homosexual          0.743      0.764   +0.021      0.358      0.294   -0.064
  Islam               0.671      0.717   +0.046      0.495      0.439   -0.056
  Jewish              0.644      0.620   -0.024      0.605      0.488   -0.117
  Men                 0.797      0.794   -0.003      0.163      0.116   -0.047
  Other               0.750      0.754   +0.004      0.375      0.319   -0.056
  Refugee             0.725      0.731   +0.006      0.244      0.167   -0.077
  Women               0.737      0.752   +0.015      0.311      0.245   -0.066
  none                0.821      0.808   -0.013      0.145      0.134   -0.011

Saved to: ../outputs/checkpoints/hatexplain-alllayer-bert-cased-s2
Per-group results saved to: ../outputs/predictions
