Some weights of the model checkpoint at bert-base-cased were not used when initializing BertModel: ['cls.predictions.bias', 'cls.predictions.transform.LayerNorm.weight', 'cls.seq_relationship.bias', 'cls.predictions.decoder.weight', 'cls.predictions.transform.dense.weight', 'cls.seq_relationship.weight', 'cls.predictions.transform.dense.bias', 'cls.predictions.transform.LayerNorm.bias']
- This IS expected if you are initializing BertModel from the checkpoint of a model trained on another task or with another architecture (e.g. initializing a BertForSequenceClassification model from a BertForPreTraining model).
- This IS NOT expected if you are initializing BertModel from the checkpoint of a model that you expect to be exactly identical (initializing a BertForSequenceClassification model from a BertForSequenceClassification model).
Device: cuda
Model:  bert-base-cased
Epochs: 3 | Batch: 16 | T: 0.1
Label scheme: hatespeech vs normal (offensive excluded — Antoine's setting)

Train: 16118 | Test: 4030
Label distribution (train): {1: 9596, 0: 6522}
Class weights [not_hate, hate]: [1.235663890838623, 0.8398290872573853]

Computing initial prototypes...
Prototypes shape: torch.Size([12, 2, 768])

Epoch 1/3 | loss: 0.6488

Epoch 2/3 | loss: 0.5737

Epoch 3/3 | loss: 0.4271

=== Test set — all 12 layers ===
 layer  accuracy  macro_f1
     1  0.637717  0.634185
     2  0.730769  0.729787
     3  0.767990  0.763796
     4  0.766501  0.763041
     5  0.775682  0.769841
     6  0.770720  0.764557
     7  0.772705  0.765634
     8  0.772953  0.765531
     9  0.775682  0.766999
    10  0.773945  0.766124
    11  0.764268  0.758888
    12  0.762531  0.758431

=== Early exit (threshold=0.1, min_layer=3) ===
  Accuracy:          0.7620
  Macro F1:          0.7578
  Average exit layer:3.61 / 12
  Posts exiting early: 97.7%

=== Per-group fairness (baseline: layer 12) ===
              N    AUC  Recall    FPR
Group                                
African     690  0.724   0.882  0.487
Arab        148  0.560   0.837  0.706
Asian        88  0.685   0.667  0.355
Caucasian   132  0.796   0.678  0.138
Christian    20  0.780   0.762  0.300
Hispanic     66  0.345   0.914  0.700
Homosexual  401  0.760   0.782  0.217
Islam       403  0.721   0.820  0.333
Jewish      332  0.663   0.911  0.472
Men          80  0.790   0.541  0.172
Other       354  0.759   0.755  0.268
Refugee     198  0.718   0.589  0.170
Women       327  0.695   0.663  0.274
none        771  0.792   0.228  0.126

=== Per-group fairness (early exit) ===
              N    AUC  Recall    FPR
Group                                
African     690  0.696   0.884  0.496
Arab        148  0.544   0.846  0.647
Asian        88  0.668   0.612  0.355
Caucasian   132  0.778   0.672  0.154
Christian    20  0.780   0.762  0.300
Hispanic     66  0.636   0.914  0.700
Homosexual  401  0.750   0.785  0.250
Islam       403  0.759   0.813  0.303
Jewish      332  0.579   0.913  0.500
Men          80  0.788   0.541  0.172
Other       354  0.759   0.763  0.268
Refugee     198  0.715   0.571  0.170
Women       327  0.711   0.661  0.302
none        771  0.750   0.230  0.124

=== Exit layer analysis per group ===
              N  Avg exit layer Early exit %  Hate base rate
Group                                                       
African     690            3.33        98.6%           0.833
Arab        148            3.60        96.6%           0.885
Asian        88            4.23        97.7%           0.648
Caucasian   132            3.92        97.7%           0.508
Christian    20            3.70       100.0%           0.500
Hispanic     66            3.05       100.0%           0.848
Homosexual  401            3.67        98.0%           0.701
Islam       403            3.63        98.0%           0.754
Jewish      332            3.56        96.1%           0.892
Men          80            3.59        97.5%           0.200
Other       354            3.65        97.2%           0.653
Refugee     198            4.15        95.5%           0.495
Women       327            4.04        96.0%           0.676
none        771            3.43        98.8%           0.052

=== Per-group: baseline vs early exit ===
  Group            Base AUC     EE AUC     Diff   Base FPR     EE FPR     Diff
  ----------------------------------------------------------------------------
  African             0.724      0.696   -0.028      0.487      0.496   +0.009
  Arab                0.560      0.544   -0.016      0.706      0.647   -0.059
  Asian               0.685      0.668   -0.017      0.355      0.355   +0.000
  Caucasian           0.796      0.778   -0.018      0.138      0.154   +0.016
  Christian           0.780      0.780   +0.000        0.3        0.3   +0.000
  Hispanic            0.345      0.636   +0.291        0.7        0.7   +0.000
  Homosexual          0.760      0.750   -0.010      0.217       0.25   +0.033
  Islam               0.721      0.759   +0.038      0.333      0.303   -0.030
  Jewish              0.663      0.579   -0.084      0.472        0.5   +0.028
  Men                 0.790      0.788   -0.002      0.172      0.172   +0.000
  Other               0.759      0.759   +0.000      0.268      0.268   +0.000
  Refugee             0.718      0.715   -0.003       0.17       0.17   +0.000
  Women               0.695      0.711   +0.016      0.274      0.302   +0.028
  none                0.792      0.750   -0.042      0.126      0.124   -0.002

Saved to: ../outputs/checkpoints/hatexplain-alllayer-bert-cased-s1
Per-group results saved to: ../outputs/predictions
